// Jest Snapshot v1, https://goo.gl/fbAQLP

exports[`TextInput renders correctly 1`] = `
<TextInput
  allowFontScaling={true}
  name="bug-report"
  rejectResponderTermination={true}
  style={
    Object {
      "backgroundColor": "#ffffff",
      "borderColor": "#000000",
      "borderRadius": 25,
      "fontFamily": "Roboto-Thin",
      "fontSize": 22,
      "height": 50,
      "marginLeft": 15,
      "padding": 14,
      "paddingLeft": 20,
    }
  }
  underlineColorAndroid="transparent"
/>
`;
